// Jest Snapshot v1, https://goo.gl/fbAQLP

exports[`Title renders matching snapshot 1`] = `
<DocumentFragment>
  <h1
    class="font-sans font-bold text-2xl text-black leading-tight mb-4"
  >
    Title
  </h1>
</DocumentFragment>
`;
