// Jest Snapshot v1, https://goo.gl/fbAQLP

exports[`Field renders matching snapshot 1`] = `
<BaseComponent
  id="field-1"
  is="div"
  m={
    Object {
      "b": 4,
    }
  }
  maxW="sm"
>
  <WithTheme(Label)
    field={
      Object {
        "disabled": false,
        "errorId": "field-1-error",
        "helpId": "field-1-help",
        "inputId": "field-1-input",
        "invalid": true,
      }
    }
    key=".0"
  >
    Password
  </WithTheme(Label)>
  <HelpText
    field={
      Object {
        "disabled": false,
        "errorId": "field-1-error",
        "helpId": "field-1-help",
        "inputId": "field-1-input",
        "invalid": true,
      }
    }
    is="div"
    key=".1"
  >
    Your password must be 8-20 characters long, contain letters and numbers, and must not contain spaces, special characters, or emoji.
  </HelpText>
  <WithTheme(TextInput)
    field={
      Object {
        "disabled": false,
        "errorId": "field-1-error",
        "helpId": "field-1-help",
        "inputId": "field-1-input",
        "invalid": true,
      }
    }
    key=".2"
    name="password"
    type="password"
  />
  <ErrorText
    field={
      Object {
        "disabled": false,
        "errorId": "field-1-error",
        "helpId": "field-1-help",
        "inputId": "field-1-input",
        "invalid": true,
      }
    }
    is="div"
    key=".3"
  >
    Please complete
  </ErrorText>
</BaseComponent>
`;
