// Jest Snapshot v1, https://goo.gl/fbAQLP

exports[`Col renders matching snapshot 1`] = `
<div
  className="w-full sm:w-1/2 md:w-1/4"
>
  Content
</div>
`;
