// Jest Snapshot v1, https://goo.gl/fbAQLP

exports[`OptionList renders matching snapshot 1`] = `
<DocumentFragment>
  <ul
    class="mb-0"
  >
    <li
      class="mb mr"
    >
      <label
        class="font-bold leading-normal inline-block mb-2 select-none cursor-pointer flex items-center focus:outline-none focus:shadow-outline"
        role="button"
        tabindex="0"
      >
        <input
          class="visually-hidden"
          id="undefined-yes"
          name="test"
          tabindex="-1"
          type="radio"
          value="yes"
        />
        <span
          class="inline-block flex items-center justify-center rounded-full h-4 w-4 border mr-2"
        />
        <span
          class="inline-block leading-tight font-normal"
        >
          Yes
        </span>
      </label>
    </li>
    <li
      class="mb mr"
    >
      <label
        class="font-bold leading-normal inline-block mb-2 select-none cursor-pointer flex items-center focus:outline-none focus:shadow-outline"
        role="button"
        tabindex="0"
      >
        <input
          class="visually-hidden"
          id="undefined-no"
          name="test"
          tabindex="-1"
          type="radio"
          value="no"
        />
        <span
          class="inline-block flex items-center justify-center rounded-full h-4 w-4 border mr-2"
        />
        <span
          class="inline-block leading-tight font-normal"
        >
          No
        </span>
      </label>
    </li>
    <li
      class="mb mr"
    >
      <label
        class="font-bold leading-normal inline-block mb-2 select-none cursor-pointer flex items-center focus:outline-none focus:shadow-outline"
        role="button"
        tabindex="0"
      >
        <input
          class="visually-hidden"
          id="undefined-maybe"
          name="test"
          tabindex="-1"
          type="radio"
          value="maybe"
        />
        <span
          class="inline-block flex items-center justify-center rounded-full h-4 w-4 border mr-2"
        />
        <span
          class="inline-block leading-tight font-normal"
        >
          Maybe
        </span>
      </label>
    </li>
  </ul>
</DocumentFragment>
`;
