// Jest Snapshot v1, https://goo.gl/fbAQLP

exports[`Box renders matching snapshot 1`] = `
<Base
  inline={false}
  inlineBlock={false}
  is="div"
>
  Hello World
</Base>
`;
