// Jest Snapshot v1, https://goo.gl/fbAQLP

exports[`TextInput renders matching snapshot 1`] = `
<input
  aria-invalid={false}
  className="rounded grey-darkest px-4 py-2 mb-2 appearance-none border w-full leading-tight focus:outline-none focus:shadow-outline"
  disabled={false}
  id="username"
  name="username"
  readOnly={false}
  type="text"
/>
`;
