// Jest Snapshot v1, https://goo.gl/fbAQLP

exports[`Container renders matching snapshot 1`] = `
<DocumentFragment>
  <div
    class="mx-auto px-4 container"
  >
    Content
  </div>
</DocumentFragment>
`;
