// Jest Snapshot v1, https://goo.gl/fbAQLP

exports[`Footer renders matching snapshot 1`] = `
<BaseComponent
  bg="grey-dark"
  is="footer"
  p={
    Object {
      "b": 12,
      "t": 8,
    }
  }
  role="contentinfo"
  text={
    Array [
      "white",
      "sm",
    ]
  }
>
  <WithTheme(Container)
    padding={true}
  >
    Â© E Corp
  </WithTheme(Container)>
</BaseComponent>
`;
