// Jest Snapshot v1, https://goo.gl/fbAQLP

exports[`Container renders matching snapshot 1`] = `
<Box
  className="container"
  inline={false}
  inlineBlock={false}
  is="div"
  m={
    Object {
      "x": "auto",
    }
  }
  p={
    Object {
      "x": 4,
    }
  }
>
  Content
</Box>
`;
