// Jest Snapshot v1, https://goo.gl/fbAQLP

exports[`CardBody renders matching snapshot 1`] = `
<DocumentFragment>
  <div
    class="p-4"
  >
    Hello World!
  </div>
</DocumentFragment>
`;
