// Jest Snapshot v1, https://goo.gl/fbAQLP

exports[`CardBody renders matching snapshot 1`] = `
<div
  className="p-4"
>
  Hello World!
</div>
`;
