// Jest Snapshot v1, https://goo.gl/fbAQLP

exports[`CardFooter renders matching snapshot 1`] = `
<div
  className="flex flex-row-reverse items-end"
>
  <Component
    className="rounded-none"
    key=".0"
  />
</div>
`;
