// Jest Snapshot v1, https://goo.gl/fbAQLP

exports[`Row renders matching snapshot 1`] = `
<BaseComponent
  className="list-reset"
  flex={
    Array [
      true,
      "wrap",
    ]
  }
  is="ul"
  nm={
    Object {
      "b": 4,
      "l": 4,
    }
  }
/>
`;
