// Jest Snapshot v1, https://goo.gl/fbAQLP

exports[`Main renders matching snapshot 1`] = `
<Base
  id="main"
  is="main"
  role="main"
>
  Lorem ipsum
</Base>
`;
