// Jest Snapshot v1, https://goo.gl/fbAQLP

exports[`SkipLink renders matching snapshot 1`] = `
<VisuallyHidden
  focusable={true}
  is="span"
>
  <FillButton
    absolute={true}
    bg="white"
    is={[Function]}
    rounded="br"
    shadow={true}
    text="black"
  >
    Skip to main content
  </FillButton>
</VisuallyHidden>
`;
