// Jest Snapshot v1, https://goo.gl/fbAQLP

exports[`NavBrand renders matching snapshot 1`] = `
<div
  className="mr-8 flex items-center flex-no-shrink h-12"
>
  Tailwind React
</div>
`;
