// Jest Snapshot v1, https://goo.gl/fbAQLP

exports[`NavItem renders matching snapshot 1`] = `
<BaseComponent
  bg-hover="white"
  className="block no-underline"
  is={[Function]}
  m={
    Object {
      "t": 2,
    }
  }
  m-lg={
    Object {
      "r": 2,
      "t": 0,
    }
  }
  p={
    Object {
      "x": 4,
      "y": 2,
    }
  }
  rounded="rounded"
  text="white"
  text-hover="blue"
>
  Link
</BaseComponent>
`;
