// Jest Snapshot v1, https://goo.gl/fbAQLP

exports[`Aside renders matching snapshot 1`] = `
<DocumentFragment>
  <aside
    aria-labelledby="content-1"
    class="p-4"
  >
    Lorem ipsum...
  </aside>
</DocumentFragment>
`;
