// Jest Snapshot v1, https://goo.gl/fbAQLP

exports[`Subtitle renders matching snapshot 1`] = `
<Title
  flush={false}
  size={3}
  subtitle={true}
>
  Subtitle
</Title>
`;
