// Jest Snapshot v1, https://goo.gl/fbAQLP

exports[`CardBody renders matching snapshot 1`] = `
<Base
  is="div"
  p={4}
>
  Hello World!
</Base>
`;
