// Jest Snapshot v1, https://goo.gl/fbAQLP

exports[`CardFooter renders matching snapshot 1`] = `
<BaseComponent
  flex={
    Array [
      true,
      "row-reverse",
    ]
  }
  is="div"
  items="end"
>
  <Component
    key=".0"
    rounded="none"
  />
</BaseComponent>
`;
